Usando la configuración de inicio de D:\Tesis\erp_curtiembre_backend\src\ErpCurtiembre.Api\Properties\launchSettings.json...
info: Microsoft.Hosting.Lifetime[14]
      Now listening on: http://localhost:5085
info: Microsoft.Hosting.Lifetime[0]
      Application started. Press Ctrl+C to shut down.
info: Microsoft.Hosting.Lifetime[0]
      Hosting environment: Development
info: Microsoft.Hosting.Lifetime[0]
      Content root path: D:\Tesis\erp_curtiembre_backend\src\ErpCurtiembre.Api
info: Microsoft.EntityFrameworkCore.Database.Command[20101]
      Executed DbCommand (4ms) [Parameters=[@usuarioId='?' (DbType = Int64)], CommandType='Text', CommandTimeout='30']
      SELECT TOP(2) [u].[id], [u].[activo], [u].[actualizado_en], [u].[actualizado_por_usuario_id], [u].[apellidos], [u].[area_id], [u].[bloqueado_hasta], [u].[creado_en], [u].[creado_por_usuario_id], [u].[debe_cambiar_password], [u].[dni], [u].[intentos_fallidos], [u].[nombres], [u].[password_hash], [u].[rol_id], [u].[ultimo_login_en], [u].[usuario]
      FROM [seguridad].[usuario] AS [u]
      WHERE [u].[id] = @usuarioId
info: Microsoft.EntityFrameworkCore.Database.Command[20101]
      Executed DbCommand (3ms) [Parameters=[@p1='?' (DbType = Int64), @p0='?' (DbType = Int32)], CommandType='Text', CommandTimeout='30']
      SET IMPLICIT_TRANSACTIONS OFF;
      SET NOCOUNT ON;
      UPDATE [seguridad].[usuario] SET [intentos_fallidos] = @p0
      OUTPUT 1
      WHERE [id] = @p1;
info: Microsoft.EntityFrameworkCore.Database.Command[20101]
      Executed DbCommand (3ms) [Parameters=[@p0='?' (DbType = DateTime2), @p1='?' (DbType = Boolean), @p2='?' (Size = 50), @p3='?' (Size = 250), @p4='?' (DbType = Int64), @p5='?' (Size = 60)], CommandType='Text', CommandTimeout='30']
      SET IMPLICIT_TRANSACTIONS OFF;
      SET NOCOUNT ON;
      INSERT INTO [seguridad].[intento_login] ([creado_en], [fue_exitoso], [ip_origen], [mensaje], [usuario_id], [usuario_login])
      OUTPUT INSERTED.[id]
      VALUES (@p0, @p1, @p2, @p3, @p4, @p5);
info: Microsoft.EntityFrameworkCore.Database.Command[20101]
      Executed DbCommand (3ms) [Parameters=[@p0='?' (DbType = DateTime2), @p1='?' (Size = 500), @p2='?' (Size = 80), @p3='?' (Size = 50), @p4='?' (DbType = Int64), @p5='?' (DbType = Int64)], CommandType='Text', CommandTimeout='30']
      SET IMPLICIT_TRANSACTIONS OFF;
      SET NOCOUNT ON;
      INSERT INTO [seguridad].[auditoria_seguridad] ([creado_en], [descripcion], [evento], [ip_origen], [usuario_accion_id], [usuario_afectado_id])
      OUTPUT INSERTED.[id]
      VALUES (@p0, @p1, @p2, @p3, @p4, @p5);
info: Microsoft.EntityFrameworkCore.Database.Command[20101]
      Executed DbCommand (0ms) [Parameters=[@usuarioId='?' (DbType = Int64)], CommandType='Text', CommandTimeout='30']
      SELECT TOP(2) [u].[id], [u].[activo], [u].[actualizado_en], [u].[actualizado_por_usuario_id], [u].[apellidos], [u].[area_id], [u].[bloqueado_hasta], [u].[creado_en], [u].[creado_por_usuario_id], [u].[debe_cambiar_password], [u].[dni], [u].[intentos_fallidos], [u].[nombres], [u].[password_hash], [u].[rol_id], [u].[ultimo_login_en], [u].[usuario]
      FROM [seguridad].[usuario] AS [u]
      WHERE [u].[id] = @usuarioId
info: Microsoft.EntityFrameworkCore.Database.Command[20101]
      Executed DbCommand (5ms) [Parameters=[@p2='?' (DbType = Int64), @p0='?' (DbType = Int32), @p1='?' (DbType = DateTime2)], CommandType='Text', CommandTimeout='30']
      SET IMPLICIT_TRANSACTIONS OFF;
      SET NOCOUNT ON;
      UPDATE [seguridad].[usuario] SET [intentos_fallidos] = @p0, [ultimo_login_en] = @p1
      OUTPUT 1
      WHERE [id] = @p2;
info: Microsoft.EntityFrameworkCore.Database.Command[20101]
      Executed DbCommand (3ms) [Parameters=[@p0='?' (DbType = Boolean), @p1='?' (DbType = DateTime2), @p2='?' (DbType = DateTime2), @p3='?' (DbType = DateTime2), @p4='?' (Size = 50), @p5='?' (Size = 100), @p6='?' (Size = 255), @p7='?' (Size = 500), @p8='?' (DbType = Int64)], CommandType='Text', CommandTimeout='30']
      SET IMPLICIT_TRANSACTIONS OFF;
      SET NOCOUNT ON;
      INSERT INTO [seguridad].[sesion_usuario] ([activa], [cerrado_en], [expira_en], [inicio_en], [ip_origen], [motivo_cierre], [token_hash], [user_agent], [usuario_id])
      OUTPUT INSERTED.[id]
      VALUES (@p0, @p1, @p2, @p3, @p4, @p5, @p6, @p7, @p8);
info: Microsoft.EntityFrameworkCore.Database.Command[20101]
      Executed DbCommand (1ms) [Parameters=[@p0='?' (DbType = DateTime2), @p1='?' (DbType = Boolean), @p2='?' (Size = 50), @p3='?' (Size = 250), @p4='?' (DbType = Int64), @p5='?' (Size = 60)], CommandType='Text', CommandTimeout='30']
      SET IMPLICIT_TRANSACTIONS OFF;
      SET NOCOUNT ON;
      INSERT INTO [seguridad].[intento_login] ([creado_en], [fue_exitoso], [ip_origen], [mensaje], [usuario_id], [usuario_login])
      OUTPUT INSERTED.[id]
      VALUES (@p0, @p1, @p2, @p3, @p4, @p5);
info: Microsoft.EntityFrameworkCore.Database.Command[20101]
      Executed DbCommand (1ms) [Parameters=[@p0='?' (DbType = DateTime2), @p1='?' (Size = 500), @p2='?' (Size = 80), @p3='?' (Size = 50), @p4='?' (DbType = Int64), @p5='?' (DbType = Int64)], CommandType='Text', CommandTimeout='30']
      SET IMPLICIT_TRANSACTIONS OFF;
      SET NOCOUNT ON;
      INSERT INTO [seguridad].[auditoria_seguridad] ([creado_en], [descripcion], [evento], [ip_origen], [usuario_accion_id], [usuario_afectado_id])
      OUTPUT INSERTED.[id]
      VALUES (@p0, @p1, @p2, @p3, @p4, @p5);
info: Microsoft.EntityFrameworkCore.Database.Command[20101]
      Executed DbCommand (3ms) [Parameters=[@sesionId='?' (DbType = Int64)], CommandType='Text', CommandTimeout='30']
      SELECT TOP(2) [s].[id], [s].[activa], [s].[cerrado_en], [s].[expira_en], [s].[inicio_en], [s].[ip_origen], [s].[motivo_cierre], [s].[token_hash], [s].[user_agent], [s].[usuario_id]
      FROM [seguridad].[sesion_usuario] AS [s]
      WHERE [s].[id] = @sesionId AND [s].[activa] = CAST(1 AS bit)
info: Microsoft.EntityFrameworkCore.Database.Command[20101]
      Executed DbCommand (3ms) [Parameters=[@sesionId='?' (DbType = Int64)], CommandType='Text', CommandTimeout='30']
      SELECT TOP(2) [s].[id], [s].[activa], [s].[cerrado_en], [s].[expira_en], [s].[inicio_en], [s].[ip_origen], [s].[motivo_cierre], [s].[token_hash], [s].[user_agent], [s].[usuario_id]
      FROM [seguridad].[sesion_usuario] AS [s]
      WHERE [s].[id] = @sesionId AND [s].[activa] = CAST(1 AS bit)
info: Microsoft.EntityFrameworkCore.Database.Command[20101]
      Executed DbCommand (3ms) [Parameters=[@p1='?' (DbType = Int64), @p0='?' (DbType = DateTime2)], CommandType='Text', CommandTimeout='30']
      SET IMPLICIT_TRANSACTIONS OFF;
      SET NOCOUNT ON;
      UPDATE [seguridad].[sesion_usuario] SET [expira_en] = @p0
      OUTPUT 1
      WHERE [id] = @p1;
info: Microsoft.EntityFrameworkCore.Database.Command[20101]
      Executed DbCommand (1ms) [Parameters=[@p1='?' (DbType = Int64), @p0='?' (DbType = DateTime2)], CommandType='Text', CommandTimeout='30']
      SET IMPLICIT_TRANSACTIONS OFF;
      SET NOCOUNT ON;
      UPDATE [seguridad].[sesion_usuario] SET [expira_en] = @p0
      OUTPUT 1
      WHERE [id] = @p1;
info: Microsoft.EntityFrameworkCore.Database.Command[20101]
      Executed DbCommand (0ms) [Parameters=[@sesionId='?' (DbType = Int64)], CommandType='Text', CommandTimeout='30']
      SELECT TOP(2) [s].[id], [s].[activa], [s].[cerrado_en], [s].[expira_en], [s].[inicio_en], [s].[ip_origen], [s].[motivo_cierre], [s].[token_hash], [s].[user_agent], [s].[usuario_id]
      FROM [seguridad].[sesion_usuario] AS [s]
      WHERE [s].[id] = @sesionId AND [s].[activa] = CAST(1 AS bit)
info: Microsoft.EntityFrameworkCore.Database.Command[20101]
      Executed DbCommand (0ms) [Parameters=[@sesionId='?' (DbType = Int64)], CommandType='Text', CommandTimeout='30']
      SELECT TOP(2) [s].[id], [s].[activa], [s].[cerrado_en], [s].[expira_en], [s].[inicio_en], [s].[ip_origen], [s].[motivo_cierre], [s].[token_hash], [s].[user_agent], [s].[usuario_id]
      FROM [seguridad].[sesion_usuario] AS [s]
      WHERE [s].[id] = @sesionId AND [s].[activa] = CAST(1 AS bit)
info: Microsoft.EntityFrameworkCore.Database.Command[20101]
      Executed DbCommand (1ms) [Parameters=[@p1='?' (DbType = Int64), @p0='?' (DbType = DateTime2)], CommandType='Text', CommandTimeout='30']
      SET IMPLICIT_TRANSACTIONS OFF;
      SET NOCOUNT ON;
      UPDATE [seguridad].[sesion_usuario] SET [expira_en] = @p0
      OUTPUT 1
      WHERE [id] = @p1;
info: Microsoft.EntityFrameworkCore.Database.Command[20101]
      Executed DbCommand (1ms) [Parameters=[@p1='?' (DbType = Int64), @p0='?' (DbType = DateTime2)], CommandType='Text', CommandTimeout='30']
      SET IMPLICIT_TRANSACTIONS OFF;
      SET NOCOUNT ON;
      UPDATE [seguridad].[sesion_usuario] SET [expira_en] = @p0
      OUTPUT 1
      WHERE [id] = @p1;
info: Microsoft.EntityFrameworkCore.Database.Command[20101]
      Executed DbCommand (0ms) [Parameters=[@sesionId='?' (DbType = Int64)], CommandType='Text', CommandTimeout='30']
      SELECT TOP(2) [s].[id], [s].[activa], [s].[cerrado_en], [s].[expira_en], [s].[inicio_en], [s].[ip_origen], [s].[motivo_cierre], [s].[token_hash], [s].[user_agent], [s].[usuario_id]
      FROM [seguridad].[sesion_usuario] AS [s]
      WHERE [s].[id] = @sesionId AND [s].[activa] = CAST(1 AS bit)
info: Microsoft.EntityFrameworkCore.Database.Command[20101]
      Executed DbCommand (0ms) [Parameters=[@p1='?' (DbType = Int64), @p0='?' (DbType = DateTime2)], CommandType='Text', CommandTimeout='30']
      SET IMPLICIT_TRANSACTIONS OFF;
      SET NOCOUNT ON;
      UPDATE [seguridad].[sesion_usuario] SET [expira_en] = @p0
      OUTPUT 1
      WHERE [id] = @p1;
info: Microsoft.EntityFrameworkCore.Database.Command[20101]
      Executed DbCommand (0ms) [Parameters=[@sesionId='?' (DbType = Int64)], CommandType='Text', CommandTimeout='30']
      SELECT TOP(2) [s].[id], [s].[activa], [s].[cerrado_en], [s].[expira_en], [s].[inicio_en], [s].[ip_origen], [s].[motivo_cierre], [s].[token_hash], [s].[user_agent], [s].[usuario_id]
      FROM [seguridad].[sesion_usuario] AS [s]
      WHERE [s].[id] = @sesionId AND [s].[activa] = CAST(1 AS bit)
info: Microsoft.EntityFrameworkCore.Database.Command[20101]
      Executed DbCommand (0ms) [Parameters=[@p1='?' (DbType = Int64), @p0='?' (DbType = DateTime2)], CommandType='Text', CommandTimeout='30']
      SET IMPLICIT_TRANSACTIONS OFF;
      SET NOCOUNT ON;
      UPDATE [seguridad].[sesion_usuario] SET [expira_en] = @p0
      OUTPUT 1
      WHERE [id] = @p1;
info: Microsoft.EntityFrameworkCore.Database.Command[20101]
      Executed DbCommand (1ms) [Parameters=[@sesionId='?' (DbType = Int64)], CommandType='Text', CommandTimeout='30']
      SELECT TOP(2) [s].[id], [s].[activa], [s].[cerrado_en], [s].[expira_en], [s].[inicio_en], [s].[ip_origen], [s].[motivo_cierre], [s].[token_hash], [s].[user_agent], [s].[usuario_id]
      FROM [seguridad].[sesion_usuario] AS [s]
      WHERE [s].[id] = @sesionId AND [s].[activa] = CAST(1 AS bit)
info: Microsoft.EntityFrameworkCore.Database.Command[20101]
      Executed DbCommand (1ms) [Parameters=[@p1='?' (DbType = Int64), @p0='?' (DbType = DateTime2)], CommandType='Text', CommandTimeout='30']
      SET IMPLICIT_TRANSACTIONS OFF;
      SET NOCOUNT ON;
      UPDATE [seguridad].[sesion_usuario] SET [expira_en] = @p0
      OUTPUT 1
      WHERE [id] = @p1;
info: Microsoft.EntityFrameworkCore.Database.Command[20101]
      Executed DbCommand (0ms) [Parameters=[@sesionId='?' (DbType = Int64)], CommandType='Text', CommandTimeout='30']
      SELECT TOP(2) [s].[id], [s].[activa], [s].[cerrado_en], [s].[expira_en], [s].[inicio_en], [s].[ip_origen], [s].[motivo_cierre], [s].[token_hash], [s].[user_agent], [s].[usuario_id]
      FROM [seguridad].[sesion_usuario] AS [s]
      WHERE [s].[id] = @sesionId AND [s].[activa] = CAST(1 AS bit)
info: Microsoft.EntityFrameworkCore.Database.Command[20101]
      Executed DbCommand (1ms) [Parameters=[@p1='?' (DbType = Int64), @p0='?' (DbType = DateTime2)], CommandType='Text', CommandTimeout='30']
      SET IMPLICIT_TRANSACTIONS OFF;
      SET NOCOUNT ON;
      UPDATE [seguridad].[sesion_usuario] SET [expira_en] = @p0
      OUTPUT 1
      WHERE [id] = @p1;
info: Microsoft.EntityFrameworkCore.Database.Command[20101]
      Executed DbCommand (0ms) [Parameters=[@sesionId='?' (DbType = Int64)], CommandType='Text', CommandTimeout='30']
      SELECT TOP(2) [s].[id], [s].[activa], [s].[cerrado_en], [s].[expira_en], [s].[inicio_en], [s].[ip_origen], [s].[motivo_cierre], [s].[token_hash], [s].[user_agent], [s].[usuario_id]
      FROM [seguridad].[sesion_usuario] AS [s]
      WHERE [s].[id] = @sesionId AND [s].[activa] = CAST(1 AS bit)
info: Microsoft.EntityFrameworkCore.Database.Command[20101]
      Executed DbCommand (2ms) [Parameters=[@p1='?' (DbType = Int64), @p0='?' (DbType = DateTime2)], CommandType='Text', CommandTimeout='30']
      SET IMPLICIT_TRANSACTIONS OFF;
      SET NOCOUNT ON;
      UPDATE [seguridad].[sesion_usuario] SET [expira_en] = @p0
      OUTPUT 1
      WHERE [id] = @p1;
info: Microsoft.EntityFrameworkCore.Database.Command[20101]
      Executed DbCommand (1ms) [Parameters=[@sesionId='?' (DbType = Int64)], CommandType='Text', CommandTimeout='30']
      SELECT TOP(2) [s].[id], [s].[activa], [s].[cerrado_en], [s].[expira_en], [s].[inicio_en], [s].[ip_origen], [s].[motivo_cierre], [s].[token_hash], [s].[user_agent], [s].[usuario_id]
      FROM [seguridad].[sesion_usuario] AS [s]
      WHERE [s].[id] = @sesionId AND [s].[activa] = CAST(1 AS bit)
info: Microsoft.EntityFrameworkCore.Database.Command[20101]
      Executed DbCommand (1ms) [Parameters=[@p1='?' (DbType = Int64), @p0='?' (DbType = DateTime2)], CommandType='Text', CommandTimeout='30']
      SET IMPLICIT_TRANSACTIONS OFF;
      SET NOCOUNT ON;
      UPDATE [seguridad].[sesion_usuario] SET [expira_en] = @p0
      OUTPUT 1
      WHERE [id] = @p1;
