Launching lib\main.dart on Chrome in debug mode...
Waiting for connection from debug service on Chrome...             38,2s

Flutter run key commands.
r Hot reload. 
R Hot restart.
h List all available interactive commands.
d Detach (terminate "flutter run" but leave application running).
c Clear the screen
q Quit (terminate the application on the device).

This app is linked to the debug service: ws://127.0.0.1:55253/NUtptQ7ujEw=/ws
Debug service listening on ws://127.0.0.1:55253/NUtptQ7ujEw=/ws
A Dart VM Service on Chrome is available at: http://127.0.0.1:55253/NUtptQ7ujEw=
The Flutter DevTools debugger and profiler on Chrome is available at: http://127.0.0.1:55253/NUtptQ7ujEw=/devtools/?uri=ws://127.0.0.1:55253/NUtptQ7ujEw=/ws
Starting application from main method in: org-dartlang-app:///web_entrypoint.dart.
[38;5;81m┌──────────────────────────────────────────────────────────────────────────────────────────────────────────────[0m
[38;5;81m│ [cubit] | 20:14:55 692ms | Cargando acceso de seguridad para el usuario 1.[0m
[38;5;81m└──────────────────────────────────────────────────────────────────────────────────────────────────────────────[0m
[38;5;111m┌──────────────────────────────────────────────────────────────────────────────────────────────────────────────[0m
[38;5;111m│ [repository] | 20:14:55 694ms | Cargando snapshot de acceso para el usuario 1.[0m
[38;5;111m└──────────────────────────────────────────────────────────────────────────────────────────────────────────────[0m
[38;5;141m┌──────────────────────────────────────────────────────────────────────────────────────────────────────────────[0m
[38;5;141m│ [data-source] | 20:14:55 695ms | GET /api/seguridad/mis-permisos[0m
[38;5;141m└──────────────────────────────────────────────────────────────────────────────────────────────────────────────[0m
[38;5;141m┌──────────────────────────────────────────────────────────────────────────────────────────────────────────────[0m
[38;5;141m│ [data-source] | 20:14:56 204ms | GET /api/seguridad/mis-permisos completado con 20 permisos del usuario actual.[0m
[38;5;141m└──────────────────────────────────────────────────────────────────────────────────────────────────────────────[0m
[38;5;111m┌──────────────────────────────────────────────────────────────────────────────────────────────────────────────[0m
[38;5;111m│ [repository] | 20:14:56 205ms | El usuario 1 tiene USUARIOS_ADMIN. Se cargaran roles y permisos.[0m
[38;5;111m└──────────────────────────────────────────────────────────────────────────────────────────────────────────────[0m
[38;5;141m┌──────────────────────────────────────────────────────────────────────────────────────────────────────────────[0m
[38;5;141m│ [data-source] | 20:14:56 206ms | GET /api/seguridad/roles[0m
[38;5;141m└──────────────────────────────────────────────────────────────────────────────────────────────────────────────[0m
[38;5;141m┌──────────────────────────────────────────────────────────────────────────────────────────────────────────────[0m
[38;5;141m│ [data-source] | 20:14:56 207ms | GET /api/seguridad/permisos con activo=true[0m
[38;5;141m└──────────────────────────────────────────────────────────────────────────────────────────────────────────────[0m
[38;5;141m┌──────────────────────────────────────────────────────────────────────────────────────────────────────────────[0m
[38;5;141m│ [data-source] | 20:14:56 291ms | GET /api/seguridad/roles completado con 4 roles.[0m
[38;5;141m└──────────────────────────────────────────────────────────────────────────────────────────────────────────────[0m
[38;5;141m┌──────────────────────────────────────────────────────────────────────────────────────────────────────────────[0m
[38;5;141m│ [data-source] | 20:14:56 292ms | GET /api/seguridad/permisos completado con 20 permisos.[0m
[38;5;141m└──────────────────────────────────────────────────────────────────────────────────────────────────────────────[0m
[38;5;111m┌──────────────────────────────────────────────────────────────────────────────────────────────────────────────[0m
[38;5;111m│ [repository] | 20:14:56 293ms | Snapshot de acceso listo para el usuario 1 con 20 permisos de usuario, 4 roles y 20 permisos catalogados.[0m
[38;5;111m└──────────────────────────────────────────────────────────────────────────────────────────────────────────────[0m
[38;5;81m┌──────────────────────────────────────────────────────────────────────────────────────────────────────────────[0m
[38;5;81m│ [cubit] | 20:14:56 295ms | Snapshot de seguridad cargado para el usuario 1 con 20 permisos de usuario.[0m
[38;5;81m└──────────────────────────────────────────────────────────────────────────────────────────────────────────────[0m
[38;5;111m┌──────────────────────────────────────────────────────────────────────────────────────────────────────────────[0m
[38;5;111m│ [repository] | 20:14:56 296ms | Validando permiso USUARIOS_ADMIN para el usuario 1.[0m
[38;5;111m└──────────────────────────────────────────────────────────────────────────────────────────────────────────────[0m
[38;5;141m┌──────────────────────────────────────────────────────────────────────────────────────────────────────────────[0m
[38;5;141m│ [data-source] | 20:14:56 297ms | POST /api/seguridad/check-permission para usuarioId=1, permissionCode=USUARIOS_ADMIN[0m
[38;5;141m└──────────────────────────────────────────────────────────────────────────────────────────────────────────────[0m
[38;5;141m┌──────────────────────────────────────────────────────────────────────────────────────────────────────────────[0m
[38;5;141m│ [data-source] | 20:14:56 419ms | POST /api/seguridad/check-permission completado para usuarioId=1, permissionCode=USUARIOS_ADMIN.[0m
[38;5;141m└──────────────────────────────────────────────────────────────────────────────────────────────────────────────[0m
[38;5;111m┌──────────────────────────────────────────────────────────────────────────────────────────────────────────────[0m
[38;5;111m│ [repository] | 20:14:56 420ms | Validacion de permiso USUARIOS_ADMIN para el usuario 1 completada.[0m
[38;5;111m└──────────────────────────────────────────────────────────────────────────────────────────────────────────────[0m
[38;5;81m┌──────────────────────────────────────────────────────────────────────────────────────────────────────────────[0m
[38;5;81m│ [cubit] | 20:14:56 420ms | Validacion de USUARIOS_ADMIN para el usuario 1: true.[0m
[38;5;81m└──────────────────────────────────────────────────────────────────────────────────────────────────────────────[0m
[38;5;81m┌──────────────────────────────────────────────────────────────────────────────────────────────────────────────[0m
[38;5;81m│ [cubit] | 20:14:56 421ms | Acceso de seguridad cargado correctamente para el usuario 1.[0m
[38;5;81m└──────────────────────────────────────────────────────────────────────────────────────────────────────────────[0m
[38;5;45m┌──────────────────────────────────────────────────────────────────────────────────────────────────────────────[0m
[38;5;45m│ [ui] | 20:15:00 51ms | Se abrio la pantalla de lotes.[0m
[38;5;45m└──────────────────────────────────────────────────────────────────────────────────────────────────────────────[0m
[38;5;81m┌──────────────────────────────────────────────────────────────────────────────────────────────────────────────[0m
[38;5;81m│ [cubit] | 20:15:00 221ms | Inicializando modulo de lotes.[0m
[38;5;81m└──────────────────────────────────────────────────────────────────────────────────────────────────────────────[0m
[38;5;111m┌──────────────────────────────────────────────────────────────────────────────────────────────────────────────[0m
[38;5;111m│ [repository] | 20:15:00 222ms | Consultando clientes activos para formularios de lotes.[0m
[38;5;111m└──────────────────────────────────────────────────────────────────────────────────────────────────────────────[0m
[38;5;141m┌──────────────────────────────────────────────────────────────────────────────────────────────────────────────[0m
[38;5;141m│ [data-source] | 20:15:00 223ms | GET /api/produccion/catalogos/clientes/activos[0m
[38;5;141m└──────────────────────────────────────────────────────────────────────────────────────────────────────────────[0m
[38;5;141m┌──────────────────────────────────────────────────────────────────────────────────────────────────────────────[0m
[38;5;141m│ [data-source] | 20:15:00 402ms | GET /api/produccion/catalogos/clientes/activos completado con 3 clientes activos.[0m
[38;5;141m└──────────────────────────────────────────────────────────────────────────────────────────────────────────────[0m
[38;5;111m┌──────────────────────────────────────────────────────────────────────────────────────────────────────────────[0m
[38;5;111m│ [repository] | 20:15:00 403ms | Se obtuvieron 3 clientes activos para formularios de lotes.[0m
[38;5;111m└──────────────────────────────────────────────────────────────────────────────────────────────────────────────[0m
[38;5;111m┌──────────────────────────────────────────────────────────────────────────────────────────────────────────────[0m
[38;5;111m│ [repository] | 20:15:00 404ms | Consultando tipos de piel activos para formularios de lotes.[0m
[38;5;111m└──────────────────────────────────────────────────────────────────────────────────────────────────────────────[0m
[38;5;141m┌──────────────────────────────────────────────────────────────────────────────────────────────────────────────[0m
[38;5;141m│ [data-source] | 20:15:00 404ms | GET /api/configuracion/catalogos/tipos-piel/activos[0m
[38;5;141m└──────────────────────────────────────────────────────────────────────────────────────────────────────────────[0m
[38;5;141m┌──────────────────────────────────────────────────────────────────────────────────────────────────────────────[0m
[38;5;141m│ [data-source] | 20:15:00 466ms | GET /api/configuracion/catalogos/tipos-piel/activos completado con 4 tipos de piel activos.[0m
[38;5;141m└──────────────────────────────────────────────────────────────────────────────────────────────────────────────[0m
[38;5;111m┌──────────────────────────────────────────────────────────────────────────────────────────────────────────────[0m
[38;5;111m│ [repository] | 20:15:00 466ms | Se obtuvieron 4 tipos de piel activos para formularios de lotes.[0m
[38;5;111m└──────────────────────────────────────────────────────────────────────────────────────────────────────────────[0m
[38;5;81m┌──────────────────────────────────────────────────────────────────────────────────────────────────────────────[0m
[38;5;81m│ [cubit] | 20:15:00 468ms | Catalogos de lotes cargados con 3 clientes y 4 tipos de piel.[0m
[38;5;81m└──────────────────────────────────────────────────────────────────────────────────────────────────────────────[0m
[38;5;81m┌──────────────────────────────────────────────────────────────────────────────────────────────────────────────[0m
[38;5;81m│ [cubit] | 20:15:00 468ms | Cargando lotes con filtros texto=vacio, clienteId=null, tipoPielId=null, estado=vacio.[0m
[38;5;81m└──────────────────────────────────────────────────────────────────────────────────────────────────────────────[0m
[38;5;81m┌──────────────────────────────────────────────────────────────────────────────────────────────────────────────[0m
[38;5;81m│ [cubit] | 20:15:00 469ms | Recargando lotes con texto=vacio, clienteId=null, tipoPielId=null, estado=vacio, preferido=null.[0m
[38;5;81m└──────────────────────────────────────────────────────────────────────────────────────────────────────────────[0m
[38;5;111m┌──────────────────────────────────────────────────────────────────────────────────────────────────────────────[0m
[38;5;111m│ [repository] | 20:15:00 470ms | Consultando lotes con filtros texto=vacio, clienteId=null, tipoPielId=null, estado=vacio.[0m
[38;5;111m└──────────────────────────────────────────────────────────────────────────────────────────────────────────────[0m
[38;5;141m┌──────────────────────────────────────────────────────────────────────────────────────────────────────────────[0m
[38;5;141m│ [data-source] | 20:15:00 471ms | GET /api/produccion/lotes con filtros texto=vacio, clienteId=null, tipoPielId=null, estado=vacio[0m
[38;5;141m└──────────────────────────────────────────────────────────────────────────────────────────────────────────────[0m
[38;5;141m┌──────────────────────────────────────────────────────────────────────────────────────────────────────────────[0m
[38;5;141m│ [data-source] | 20:15:00 560ms | GET /api/produccion/lotes completado con 0 lotes.[0m
[38;5;141m└──────────────────────────────────────────────────────────────────────────────────────────────────────────────[0m
[38;5;111m┌──────────────────────────────────────────────────────────────────────────────────────────────────────────────[0m
[38;5;111m│ [repository] | 20:15:00 561ms | Se obtuvieron 0 lotes para la bandeja de produccion.[0m
[38;5;111m└──────────────────────────────────────────────────────────────────────────────────────────────────────────────[0m
[38;5;81m┌──────────────────────────────────────────────────────────────────────────────────────────────────────────────[0m
[38;5;81m│ [cubit] | 20:15:00 561ms | Recarga de lotes completada con 0 resultados. Seleccion actual=ninguna.[0m
[38;5;81m└──────────────────────────────────────────────────────────────────────────────────────────────────────────────[0m
[38;5;81m┌──────────────────────────────────────────────────────────────────────────────────────────────────────────────[0m
[38;5;81m│ [cubit] | 20:15:00 562ms | No hay lote seleccionado despues de la recarga.[0m
[38;5;81m└──────────────────────────────────────────────────────────────────────────────────────────────────────────────[0m
[38;5;45m┌──────────────────────────────────────────────────────────────────────────────────────────────────────────────[0m
[38;5;45m│ [ui] | 20:15:02 178ms | Se abrio el dialogo para crear lote.[0m
[38;5;45m└──────────────────────────────────────────────────────────────────────────────────────────────────────────────[0m
[38;5;45m┌──────────────────────────────────────────────────────────────────────────────────────────────────────────────[0m
[38;5;45m│ [ui] | 20:15:05 541ms | Se cerro el dialogo de creacion de lote sin confirmar.[0m
[38;5;45m└──────────────────────────────────────────────────────────────────────────────────────────────────────────────[0m
[38;5;45m┌──────────────────────────────────────────────────────────────────────────────────────────────────────────────[0m
[38;5;45m│ [ui] | 20:15:06 416ms | Se abrio la pantalla de clientes de produccion.[0m
[38;5;45m└──────────────────────────────────────────────────────────────────────────────────────────────────────────────[0m
[38;5;81m┌──────────────────────────────────────────────────────────────────────────────────────────────────────────────[0m
[38;5;81m│ [cubit] | 20:15:06 581ms | Inicializando modulo de clientes de produccion.[0m
[38;5;81m└──────────────────────────────────────────────────────────────────────────────────────────────────────────────[0m
[38;5;81m┌──────────────────────────────────────────────────────────────────────────────────────────────────────────────[0m
[38;5;81m│ [cubit] | 20:15:06 582ms | Cargando clientes con filtros texto=vacio, filtro=ClienteActivityFilter.active.[0m
[38;5;81m└──────────────────────────────────────────────────────────────────────────────────────────────────────────────[0m
[38;5;81m┌──────────────────────────────────────────────────────────────────────────────────────────────────────────────[0m
[38;5;81m│ [cubit] | 20:15:06 584ms | Recargando clientes con texto=vacio, filtro=ClienteActivityFilter.active, preferido=null.[0m
[38;5;81m└──────────────────────────────────────────────────────────────────────────────────────────────────────────────[0m
[38;5;111m┌──────────────────────────────────────────────────────────────────────────────────────────────────────────────[0m
[38;5;111m│ [repository] | 20:15:06 585ms | Consultando clientes con filtros texto=vacio, activo=true.[0m
[38;5;111m└──────────────────────────────────────────────────────────────────────────────────────────────────────────────[0m
[38;5;141m┌──────────────────────────────────────────────────────────────────────────────────────────────────────────────[0m
[38;5;141m│ [data-source] | 20:15:06 586ms | GET /api/produccion/clientes con filtros texto=vacio, activo=true[0m
[38;5;141m└──────────────────────────────────────────────────────────────────────────────────────────────────────────────[0m
[38;5;141m┌──────────────────────────────────────────────────────────────────────────────────────────────────────────────[0m
[38;5;141m│ [data-source] | 20:15:06 811ms | GET /api/produccion/clientes completado con 3 clientes.[0m
[38;5;141m└──────────────────────────────────────────────────────────────────────────────────────────────────────────────[0m
[38;5;111m┌──────────────────────────────────────────────────────────────────────────────────────────────────────────────[0m
[38;5;111m│ [repository] | 20:15:06 812ms | Se obtuvieron 3 clientes para la bandeja de produccion.[0m
[38;5;111m└──────────────────────────────────────────────────────────────────────────────────────────────────────────────[0m
[38;5;81m┌──────────────────────────────────────────────────────────────────────────────────────────────────────────────[0m
[38;5;81m│ [cubit] | 20:15:06 812ms | Recarga de clientes completada con 3 resultados. Seleccion actual=10005.[0m
[38;5;81m└──────────────────────────────────────────────────────────────────────────────────────────────────────────────[0m
[38;5;81m┌──────────────────────────────────────────────────────────────────────────────────────────────────────────────[0m
[38;5;81m│ [cubit] | 20:15:06 813ms | Cargando detalle del cliente 10005.[0m
[38;5;81m└──────────────────────────────────────────────────────────────────────────────────────────────────────────────[0m
[38;5;111m┌──────────────────────────────────────────────────────────────────────────────────────────────────────────────[0m
[38;5;111m│ [repository] | 20:15:06 814ms | Consultando detalle del cliente 10005.[0m
[38;5;111m└──────────────────────────────────────────────────────────────────────────────────────────────────────────────[0m
[38;5;141m┌──────────────────────────────────────────────────────────────────────────────────────────────────────────────[0m
[38;5;141m│ [data-source] | 20:15:06 814ms | GET /api/produccion/clientes/10005[0m
[38;5;141m└──────────────────────────────────────────────────────────────────────────────────────────────────────────────[0m
[38;5;141m┌──────────────────────────────────────────────────────────────────────────────────────────────────────────────[0m
[38;5;141m│ [data-source] | 20:15:06 960ms | GET /api/produccion/clientes/10005 completado.[0m
[38;5;141m└──────────────────────────────────────────────────────────────────────────────────────────────────────────────[0m
[38;5;111m┌──────────────────────────────────────────────────────────────────────────────────────────────────────────────[0m
[38;5;111m│ [repository] | 20:15:06 961ms | Detalle del cliente 10005 obtenido correctamente.[0m
[38;5;111m└──────────────────────────────────────────────────────────────────────────────────────────────────────────────[0m
[38;5;81m┌──────────────────────────────────────────────────────────────────────────────────────────────────────────────[0m
[38;5;81m│ [cubit] | 20:15:06 962ms | Detalle del cliente 10005 cargado correctamente.[0m
[38;5;81m└──────────────────────────────────────────────────────────────────────────────────────────────────────────────[0m
